19:47:19 0.26 0.19 0.08 2/1485 724
19:47:49 0.41 0.23 0.10 1/1506 1846
19:48:19 0.71 0.31 0.12 1/1508 2969
19:48:49 1.32 0.50 0.19 2/1506 4093
19:49:19 0.92 0.48 0.20 1/1507 5229
19:49:49 0.64 0.45 0.19 2/1503 6322
19:50:19 0.86 0.52 0.22 1/1502 7400
19:50:49 0.83 0.55 0.24 1/1496 8525
19:51:19 0.76 0.56 0.26 1/1497 9574
19:51:49 1.28 0.69 0.31 2/1496 10698
19:52:19 0.97 0.67 0.32 2/1497 11825
19:52:49 0.93 0.69 0.33 3/1497 12930
19:53:19 0.77 0.67 0.34 2/1496 14002
19:53:49 1.66 0.87 0.42 1/1496 15127
19:54:19 1.14 0.82 0.41 1/1495 16242
19:54:49 0.83 0.77 0.41 3/1496 17327
19:55:19 1.15 0.86 0.45 1/1494 18431
19:55:49 1.29 0.92 0.48 1/1497 19550
19:56:19 0.93 0.86 0.48 1/1497 20675
19:56:49 0.69 0.81 0.47 2/1497 21804
19:57:19 0.78 0.81 0.48 3/1495 22906
19:57:49 2.29 1.16 0.61 11/1508 23567
19:58:19 4.21 1.73 0.82 7/1506 24026
19:58:49 4.92 2.14 0.98 7/1509 24481
19:59:19 5.54 2.56 1.16 8/1508 24958
19:59:49 6.48 3.07 1.37 7/1502 25424
20:00:19 6.91 3.51 1.58 7/1501 25910
20:00:49 6.71 3.79 1.73 10/1502 26380
20:01:19 6.57 4.04 1.88 8/1503 26843
20:01:49 6.47 4.26 2.02 7/1502 27237
20:02:19 6.71 4.53 2.19 9/1502 27700
20:02:49 6.82 4.77 2.34 8/1502 28162
20:05:17 6.44 4.89 2.46 12/1521 28411
20:05:47 7.17 5.23 2.65 8/1502 28475
20:06:24 7.40 5.45 2.81 9/1501 28658
20:06:55 7.36 5.63 2.95 8/1505 28825
20:07:25 8.84 6.12 3.20 10/1507 29043
20:11:39 7.88 6.14 3.30 8/1502 29286
20:12:10 6.96 6.10 3.38 9/1506 29370
20:19:17 6.58 6.10 3.47 9/1503 29611
20:19:47 6.07 6.01 3.52 8/1507 29838
20:20:17 6.41 6.10 3.64 7/1508 29987
20:21:11 6.27 6.09 3.71 13/1507 30269
20:21:41 7.59 6.46 3.93 8/1506 30410
20:22:11 7.07 6.45 4.00 7/1507 30809
20:22:41 6.72 6.42 4.07 15/1513 31221
