#1 DONE 0.0s
#3 DONE 0.6s
#2 DONE 0.6s
#4 DONE 0.0s
#5 [builder  1/14] FROM docker.io/library/rust:1.88-bookworm@sha256:af306cfa71d987911a781c37b59d7d67d934f49684058f96cf72079c3626bfe0
#5 resolve docker.io/library/rust:1.88-bookworm@sha256:af306cfa71d987911a781c37b59d7d67d934f49684058f96cf72079c3626bfe0 0.0s done
#5 DONE 0.0s
#6 [stage-1 1/8] FROM docker.io/library/rust:1-bookworm@sha256:77fac8b98f9f46062bb680b6d25d5bcaabfc400143952ebc572e924bcbedc3fa
#6 resolve docker.io/library/rust:1-bookworm@sha256:77fac8b98f9f46062bb680b6d25d5bcaabfc400143952ebc572e924bcbedc3fa 0.0s done
#6 DONE 0.0s
#7 DONE 0.4s
#11 DONE 0.2s
#12 DONE 0.1s
#13 DONE 0.1s
#14 DONE 0.1s
#15 DONE 0.1s
#16 DONE 0.1s
#17 DONE 0.1s
#18 DONE 0.1s
#19 DONE 0.0s
#20 [builder 14/14] RUN cargo build --release -p cosmon-cli --bin cs     && strip /build/target/release/cs
#20 4.049   Downloaded rustc_version v0.4.1
#20 5.292   Downloaded rustc-hash v2.1.2
#20 19.01    Compiling rustc_version v0.4.1
#20 DONE 138.6s
#22 DONE 0.0s
#23 DONE 0.1s
#24 DONE 14.8s
#25 DONE 0.0s
#26 DONE 0.0s
#27 DONE 0.1s
#28 naming to docker.io/library/cosmon-cwd-diff:fixed done
#28 DONE 9.4s
