---
source: crates/cosmon-cli/tests/help_goldens.rs
expression: stdout
---
List available fleet templates

Usage: cs fleet list-templates [OPTIONS]

Options:
      --config <PATH>  Path to configuration file
  -v, --verbose        Enable verbose output
      --json           Output in JSON format
  -h, --help           Print help
