---
source: crates/cosmon-cli/tests/help_goldens.rs
expression: stdout
---
List every binding, active and revoked, without verifiers or proofs

Usage: cs collaboration list [OPTIONS]

Options:
      --config <PATH>  Path to configuration file
  -v, --verbose        Enable verbose output
      --json           Output in JSON format
  -h, --help           Print help
