---
source: crates/cosmon-cli/tests/help_goldens.rs
expression: stdout
---
Who holds the controls, at which epoch, and what has been asked

Usage: cs sessions takeover show [OPTIONS] --mission <MOLECULE_ID>

Options:
      --config <PATH>          Path to configuration file
      --mission <MOLECULE_ID>  Mission whose lease to inspect
      --history                Print every grant ever recorded instead of only the head
  -v, --verbose                Enable verbose output
      --json                   Output in JSON format
  -h, --help                   Print help
