---
source: crates/cosmon-cli/tests/help_goldens.rs
expression: stdout
---
Show which operator key this galaxy trusts to authorise a transfer

Usage: cs sessions takeover trust [OPTIONS]

Options:
      --config <PATH>  Path to configuration file
  -v, --verbose        Enable verbose output
      --json           Output in JSON format
  -h, --help           Print help
