---
source: crates/cosmon-cli/tests/help_goldens.rs
expression: stdout
---
Generate a fresh Ed25519 operator key (32 bytes OS randomness, hex-encoded)

Usage: cs key generate [OPTIONS]

Options:
      --config <PATH>  Path to configuration file
      --output <PATH>  Destination path. Defaults to `~/.config/cosmon/operator.key`
      --force          Overwrite an existing key file. Without this flag, refuses to clobber any pre-existing key — silent rotation is forbidden (ADR-060 §Alternatives-rejected)
  -v, --verbose        Enable verbose output
      --json           Output in JSON format
  -h, --help           Print help
