---
source: crates/cosmon-cli/tests/help_goldens.rs
expression: stdout
---
List the checkpoints published for a mission

Usage: cs sessions checkpoint list [OPTIONS] --mission <MOLECULE_ID>

Options:
      --config <PATH>          Path to configuration file
      --mission <MOLECULE_ID>  The mission whose checkpoints to list
      --session <SID>          Show only what this session published
  -v, --verbose                Enable verbose output
      --json                   Output in JSON format
  -h, --help                   Print help
