---
source: crates/cosmon-cli/tests/help_goldens.rs
expression: stdout
---
Sessions — co-pilotage cockpit over provider sessions (discover/show/attach/send/checkpoint/drift/takeover/hook)

Usage: cs sessions [OPTIONS] <COMMAND>

Commands:
  discover    Enumerate the provider sessions visible on this host
  list        List the cosmon pilots present in the registry
  show        Show one provider session, named by its canonical selector
  attach      Take a seat: publish this session's presence, role and `follows`
  peers       Show the pilots around this session and how they relate to it
  send        Send one traced message envelope to another pilot
  inbox       Read this session's envelopes, acknowledging what it consumed
  checkpoint  Publish and read hand-over checkpoints
  drift       Compare two pilots' checkpoints — `AGREE`, `FINDING` or `INCONCLUSIVE`
  takeover    The PRIMARY lease: who may fly, who asked, who granted
  hook        The bootstrap that runs without being typed — presence, mailbox and staged checkpoints, wired into the provider's own hook mechanism

Options:
      --config <PATH>  Path to configuration file
  -v, --verbose        Enable verbose output
      --json           Output in JSON format
  -h, --help           Print help

EXAMPLES:
  cs sessions discover                         # provider sessions in this repo
  cs sessions discover --all --provider codex  # every Codex session on the host
  cs sessions show claude:4940f28e --tail 5    # one session, named exactly
  cs sessions attach --role copilot --follow claude-sid \
      --as codex:0198aabb --capability observe
  cs sessions list --role primary              # who holds a seat
  cs sessions peers                            # who is around me, and which way
  cs sessions send --to claude-sid --message 'that evidence ref is circular'
  cs sessions inbox                            # read and consume; --peek to look

HAND-OVER:
  cs sessions checkpoint publish --mission task-20260731-e4d0 \
      --include 'the cockpit' --exclude 'the probe' \
      --next 'merge-strategy:deny=do not merge before the doc gate' \
      --evidence 'merge-strategy=docs/adr/168.md'
  cs sessions checkpoint list --mission task-20260731-e4d0
  cs sessions drift claude-sid codex-sid --mission task-20260731-e4d0
  cs sessions takeover show    --mission task-20260731-e4d0
  cs sessions takeover request --mission task-20260731-e4d0 --reason 'quota'
  cs sessions takeover grant   --mission task-20260731-e4d0 --request req-…

WITHOUT TYPING ANYTHING (the hook, mission M6):
  cs sessions hook install --provider claude   # .claude/settings.local.json
  cs sessions hook install --provider codex    # ~/.codex/config.toml notify
  cs sessions hook status                      # wired? and what has it cost
  cs sessions checkpoint stage --mission task-20260731-0d49 \
      --next 'gate:affirm=run just gates before done'
  cs sessions hook uninstall --provider claude # leaves no residue
  COSMON_COPILOT_HOOK_OFF=1                    # quiet now, still wired

The hook pings presence, drains the mailbox where the pilot can read it
and publishes a *staged* checkpoint at a transition. It never claims a
seat and never writes a checkpoint's content: a hand-over record is the
pilot's own words, and only its moment is the hook's.

The canonical name of a session is `<provider>:<native-session-id>`, and
nothing else ever breaks a tie: a title, a cwd and a modification time
help you recognise a session, never choose one. A selector that matches
zero or two sessions prints the candidates and refuses.

Exit codes (`drift`, matching `cs diverge`):
  0    AGREE — the compared positions match
  1    FINDING — a decidable test fired, both sides cited
  2    INCONCLUSIVE — not comparable; never rendered as agreement

Authority is a lease with an epoch (ADR-168 §D6). A co-pilot may
observe, message and checkpoint; only the operator grants the controls,
and no quota reading transfers them.

SEE ALSO: cs presence (the substrate), cs session (operator carnet),
cs pilot (cognitive REPL), cs diverge.
